{
  "version": "1.5.0",
  "plugins_used": [
    {
      "name": "ArtifactoryDetector"
    },
    {
      "name": "AWSKeyDetector"
    },
    {
      "name": "AzureStorageKeyDetector"
    },
    {
      "name": "Base64HighEntropyString",
      "limit": 4.5
    },
    {
      "name": "BasicAuthDetector"
    },
    {
      "name": "CloudantDetector"
    },
    {
      "name": "DiscordBotTokenDetector"
    },
    {
      "name": "GitHubTokenDetector"
    },
    {
      "name": "GitLabTokenDetector"
    },
    {
      "name": "HexHighEntropyString",
      "limit": 3.0
    },
    {
      "name": "IbmCloudIamDetector"
    },
    {
      "name": "IbmCosHmacDetector"
    },
    {
      "name": "IPPublicDetector"
    },
    {
      "name": "JwtTokenDetector"
    },
    {
      "name": "KeywordDetector",
      "keyword_exclude": ""
    },
    {
      "name": "MailchimpDetector"
    },
    {
      "name": "NpmDetector"
    },
    {
      "name": "OpenAIDetector"
    },
    {
      "name": "PrivateKeyDetector"
    },
    {
      "name": "PypiTokenDetector"
    },
    {
      "name": "SendGridDetector"
    },
    {
      "name": "SlackDetector"
    },
    {
      "name": "SoftlayerDetector"
    },
    {
      "name": "SquareOAuthDetector"
    },
    {
      "name": "StripeDetector"
    },
    {
      "name": "TelegramBotTokenDetector"
    },
    {
      "name": "TwilioKeyDetector"
    }
  ],
  "filters_used": [
    {
      "path": "detect_secrets.filters.allowlist.is_line_allowlisted"
    },
    {
      "path": "detect_secrets.filters.common.is_ignored_due_to_verification_policies",
      "min_level": 2
    },
    {
      "path": "detect_secrets.filters.heuristic.is_indirect_reference"
    },
    {
      "path": "detect_secrets.filters.heuristic.is_likely_id_string"
    },
    {
      "path": "detect_secrets.filters.heuristic.is_lock_file"
    },
    {
      "path": "detect_secrets.filters.heuristic.is_not_alphanumeric_string"
    },
    {
      "path": "detect_secrets.filters.heuristic.is_potential_uuid"
    },
    {
      "path": "detect_secrets.filters.heuristic.is_prefixed_with_dollar_sign"
    },
    {
      "path": "detect_secrets.filters.heuristic.is_sequential_string"
    },
    {
      "path": "detect_secrets.filters.heuristic.is_swagger_file"
    },
    {
      "path": "detect_secrets.filters.heuristic.is_templated_secret"
    }
  ],
  "results": {
    ".env.example": [
      {
        "type": "Secret Keyword",
        "filename": ".env.example",
        "hashed_secret": "59b1efd27e5c61ed3ee755654a88a9639f4ad92b",
        "is_verified": false,
        "line_number": 5
      },
      {
        "type": "Secret Keyword",
        "filename": ".env.example",
        "hashed_secret": "f4812a5380881e15bdfaa52edfb0f18674fa8595",
        "is_verified": false,
        "line_number": 11
      }
    ],
    ".env.test": [
      {
        "type": "Secret Keyword",
        "filename": ".env.test",
        "hashed_secret": "25d5c330fb5341437448d442ea1188b48a51319d",
        "is_verified": false,
        "line_number": 5
      },
      {
        "type": "Base64 High Entropy String",
        "filename": ".env.test",
        "hashed_secret": "6b7a72429288cf21080e8ddb3b174cccedd4814f",
        "is_verified": false,
        "line_number": 6
      },
      {
        "type": "Base64 High Entropy String",
        "filename": ".env.test",
        "hashed_secret": "4eee167c66f1bda9908d51b245d95d225c02efea",
        "is_verified": false,
        "line_number": 8
      }
    ],
    ".github/scripts/README-MONITORING-ORCHESTRATOR.md": [
      {
        "type": "Secret Keyword",
        "filename": ".github/scripts/README-MONITORING-ORCHESTRATOR.md",
        "hashed_secret": "89a6cfe2a229151e8055abee107d45ed087bbb4f",
        "is_verified": false,
        "line_number": 140
      }
    ],
    ".github/scripts/README-OAuth-First.md": [
      {
        "type": "Secret Keyword",
        "filename": ".github/scripts/README-OAuth-First.md",
        "hashed_secret": "aecdccc1cf64595b34e0cc152d238daabb32183a",
        "is_verified": false,
        "line_number": 37
      },
      {
        "type": "Secret Keyword",
        "filename": ".github/scripts/README-OAuth-First.md",
        "hashed_secret": "11fa7c37d697f30e6aee828b4426a10f83ab2380",
        "is_verified": false,
        "line_number": 115
      }
    ],
    ".github/scripts/authentication-recovery-system.js": [
      {
        "type": "Secret Keyword",
        "filename": ".github/scripts/authentication-recovery-system.js",
        "hashed_secret": "7b231a50a498ef151e291795f46f56bee569eae5",
        "is_verified": false,
        "line_number": 339
      },
      {
        "type": "Secret Keyword",
        "filename": ".github/scripts/authentication-recovery-system.js",
        "hashed_secret": "5a013c49508291c6816ac388f93a2c11973086ed",
        "is_verified": false,
        "line_number": 341
      }
    ],
    ".github/scripts/cicd-status-dashboard.js": [
      {
        "type": "Hex High Entropy String",
        "filename": ".github/scripts/cicd-status-dashboard.js",
        "hashed_secret": "90bd1b48e958257948487b90bee080ba5ed00caa",
        "is_verified": false,
        "line_number": 412
      }
    ],
    ".github/scripts/claude-enhancer-v2.js": [
      {
        "type": "Secret Keyword",
        "filename": ".github/scripts/claude-enhancer-v2.js",
        "hashed_secret": "a8253456364f1bfc7da7ae4a1db5b45d106317a5",
        "is_verified": false,
        "line_number": 60
      },
      {
        "type": "Secret Keyword",
        "filename": ".github/scripts/claude-enhancer-v2.js",
        "hashed_secret": "6d9c68c603e465077bdd49c62347fe54717f83a3",
        "is_verified": false,
        "line_number": 97
      }
    ],
    ".github/scripts/claude-enhancer.test.js": [
      {
        "type": "Secret Keyword",
        "filename": ".github/scripts/claude-enhancer.test.js",
        "hashed_secret": "573284fda28a2fde7f65c8419e4909286a932f1c",
        "is_verified": false,
        "line_number": 43
      }
    ],
    ".github/scripts/data/ab-tests/test-c2dfab4dc386.json": [
      {
        "type": "Hex High Entropy String",
        "filename": ".github/scripts/data/ab-tests/test-c2dfab4dc386.json",
        "hashed_secret": "6393ab0f3cbb03a38f974a0280c183ee2a88ad00",
        "is_verified": false,
        "line_number": 2
      }
    ],
    ".github/scripts/data/ab-tests/test-e2f84240ad70.json": [
      {
        "type": "Hex High Entropy String",
        "filename": ".github/scripts/data/ab-tests/test-e2f84240ad70.json",
        "hashed_secret": "a0c6977b23b80d620964c4511426e210e6f4a20b",
        "is_verified": false,
        "line_number": 2
      }
    ],
    ".github/scripts/data/validation/implementation-guide-security.md": [
      {
        "type": "Base64 High Entropy String",
        "filename": ".github/scripts/data/validation/implementation-guide-security.md",
        "hashed_secret": "51cc79ab0622bc21eb36515791558ba3f871709e",
        "is_verified": false,
        "line_number": 25
      }
    ],
    ".github/scripts/extract-claude-cookies.js": [
      {
        "type": "Secret Keyword",
        "filename": ".github/scripts/extract-claude-cookies.js",
        "hashed_secret": "553d0f058fe217471b6379bd763ba72e397f8a4d",
        "is_verified": false,
        "line_number": 36
      }
    ],
    ".github/scripts/quality-improvement-roadmap.js": [
      {
        "type": "Base64 High Entropy String",
        "filename": ".github/scripts/quality-improvement-roadmap.js",
        "hashed_secret": "51cc79ab0622bc21eb36515791558ba3f871709e",
        "is_verified": false,
        "line_number": 407
      }
    ],
    ".github/scripts/secrets-manager.js": [
      {
        "type": "Secret Keyword",
        "filename": ".github/scripts/secrets-manager.js",
        "hashed_secret": "665b1e3851eefefa3fb878654292f16597d25155",
        "is_verified": false,
        "line_number": 23
      },
      {
        "type": "Secret Keyword",
        "filename": ".github/scripts/secrets-manager.js",
        "hashed_secret": "7cc91f76721b04ef6fd32a6ffa79da47ffa26fdf",
        "is_verified": false,
        "line_number": 24
      },
      {
        "type": "Secret Keyword",
        "filename": ".github/scripts/secrets-manager.js",
        "hashed_secret": "c2d5177df2e8161f398a099222ce551d0594cd34",
        "is_verified": false,
        "line_number": 25
      },
      {
        "type": "Secret Keyword",
        "filename": ".github/scripts/secrets-manager.js",
        "hashed_secret": "76250810404b5ed0dd9b193bda7278d7f166a664",
        "is_verified": false,
        "line_number": 29
      },
      {
        "type": "Secret Keyword",
        "filename": ".github/scripts/secrets-manager.js",
        "hashed_secret": "26eae588d0859648be8edcf9cd2cf19bbdfacd43",
        "is_verified": false,
        "line_number": 31
      }
    ],
    ".github/scripts/security-test-framework.js": [
      {
        "type": "Secret Keyword",
        "filename": ".github/scripts/security-test-framework.js",
        "hashed_secret": "054de8f1bffe576c08feb36e53147efb59919c19",
        "is_verified": false,
        "line_number": 552
      }
    ],
    ".github/scripts/self-healing-automation.js": [
      {
        "type": "Secret Keyword",
        "filename": ".github/scripts/self-healing-automation.js",
        "hashed_secret": "3be9f957f29f905f10f7b652cab1c95ba8a2c205",
        "is_verified": false,
        "line_number": 175
      }
    ],
    ".github/scripts/test-complete-integration.js": [
      {
        "type": "Secret Keyword",
        "filename": ".github/scripts/test-complete-integration.js",
        "hashed_secret": "0ac5e9a885b1731c1762b8f679cddb6ccfdfc69b",
        "is_verified": false,
        "line_number": 120
      }
    ],
    ".github/scripts/test-config.js": [
      {
        "type": "Secret Keyword",
        "filename": ".github/scripts/test-config.js",
        "hashed_secret": "36b9e66a5478fecd66bad730cf0dbd6febf7051d",
        "is_verified": false,
        "line_number": 42
      }
    ],
    ".github/scripts/test-enhancement-error-recovery.js": [
      {
        "type": "Secret Keyword",
        "filename": ".github/scripts/test-enhancement-error-recovery.js",
        "hashed_secret": "88d1c082233ec61a115c6283bc4be75e19e5933b",
        "is_verified": false,
        "line_number": 26
      },
      {
        "type": "Secret Keyword",
        "filename": ".github/scripts/test-enhancement-error-recovery.js",
        "hashed_secret": "d2c4f8d94bd46ad923018ed0d0959c5a4fe75b16",
        "is_verified": false,
        "line_number": 32
      },
      {
        "type": "Secret Keyword",
        "filename": ".github/scripts/test-enhancement-error-recovery.js",
        "hashed_secret": "3bee216ebc256d692260fc3adc765050508fef5e",
        "is_verified": false,
        "line_number": 38
      }
    ],
    ".github/scripts/test-error-handling.js": [
      {
        "type": "Secret Keyword",
        "filename": ".github/scripts/test-error-handling.js",
        "hashed_secret": "3acfb2c2b433c0ea7ff107e33df91b18e52f960f",
        "is_verified": false,
        "line_number": 386
      }
    ],
    ".github/scripts/tests/linkedin-integration.test.js": [
      {
        "type": "Secret Keyword",
        "filename": ".github/scripts/tests/linkedin-integration.test.js",
        "hashed_secret": "36b9e66a5478fecd66bad730cf0dbd6febf7051d",
        "is_verified": false,
        "line_number": 22
      },
      {
        "type": "Secret Keyword",
        "filename": ".github/scripts/tests/linkedin-integration.test.js",
        "hashed_secret": "6984b2d1edb45c9ba5de8d29e9cd9a2613c6a170",
        "is_verified": false,
        "line_number": 44
      }
    ],
    ".github/scripts/vulnerability-scanner.js": [
      {
        "type": "Secret Keyword",
        "filename": ".github/scripts/vulnerability-scanner.js",
        "hashed_secret": "fe86558143c0bd528f649a153bdc32b8fa90301c",
        "is_verified": false,
        "line_number": 38
      }
    ],
    ".github/scripts/workflow-status-dashboard.js": [
      {
        "type": "Secret Keyword",
        "filename": ".github/scripts/workflow-status-dashboard.js",
        "hashed_secret": "96de5543d183d7de52ac5fa21c46fc811f673f89",
        "is_verified": false,
        "line_number": 291
      },
      {
        "type": "Secret Keyword",
        "filename": ".github/scripts/workflow-status-dashboard.js",
        "hashed_secret": "47acd2028cf81b5da88ddeedb2aea4eca4b71fbd",
        "is_verified": false,
        "line_number": 297
      }
    ],
    ".github/workflows/README-Visualization.md": [
      {
        "type": "Secret Keyword",
        "filename": ".github/workflows/README-Visualization.md",
        "hashed_secret": "c4a8c3e29851d9ce1a8d7cd05edba07f5abc885e",
        "is_verified": false,
        "line_number": 133
      },
      {
        "type": "Secret Keyword",
        "filename": ".github/workflows/README-Visualization.md",
        "hashed_secret": "11fa7c37d697f30e6aee828b4426a10f83ab2380",
        "is_verified": false,
        "line_number": 209
      }
    ],
    ".github/workflows/security-hardening.yml": [
      {
        "type": "Secret Keyword",
        "filename": ".github/workflows/security-hardening.yml",
        "hashed_secret": "49ce74979cd00de0e8193402b76d33e020ef5d1c",
        "is_verified": false,
        "line_number": 221
      }
    ],
    ".github/workflows/security-scanning.yml": [
      {
        "type": "Secret Keyword",
        "filename": ".github/workflows/security-scanning.yml",
        "hashed_secret": "4aa28d5c460f0b46fe0c7bcd6f84e1c1e20b6bc6",
        "is_verified": false,
        "line_number": 73
      },
      {
        "type": "Secret Keyword",
        "filename": ".github/workflows/security-scanning.yml",
        "hashed_secret": "8ab5e58e08b5d80dd1b520b630724ff2398161a9",
        "is_verified": false,
        "line_number": 589
      },
      {
        "type": "Secret Keyword",
        "filename": ".github/workflows/security-scanning.yml",
        "hashed_secret": "eb6a5c19c1d079eb33874f849c1cf80ce5ddccf4",
        "is_verified": false,
        "line_number": 589
      }
    ],
    "data/ai-cache/69a75b6557724ecf.json": [
      {
        "type": "Base64 High Entropy String",
        "filename": "data/ai-cache/69a75b6557724ecf.json",
        "hashed_secret": "ac4d50764a0d85614f7c1a8387182ed8ace9db8b",
        "is_verified": false,
        "line_number": 1
      }
    ],
    "docs/research/web-scraping-playbook-restructured.md": [
      {
        "type": "Secret Keyword",
        "filename": "docs/research/web-scraping-playbook-restructured.md",
        "hashed_secret": "a9da00a5cd91f9a067279e9739563d5590974fac",
        "is_verified": false,
        "line_number": 100
      }
    ],
    "docs/research/web-scraping-playbook.md": [
      {
        "type": "Basic Auth Credentials",
        "filename": "docs/research/web-scraping-playbook.md",
        "hashed_secret": "5baa61e4c9b93f3f0682250b6cf8331b7ee68fd8",
        "is_verified": false,
        "line_number": 316
      },
      {
        "type": "Basic Auth Credentials",
        "filename": "docs/research/web-scraping-playbook.md",
        "hashed_secret": "9d4e1e23bd5b727046a9e3b4b7db57bd8d6ee684",
        "is_verified": false,
        "line_number": 680
      }
    ],
    "monitoring/scripts/quick-setup-test.sh": [
      {
        "type": "Base64 High Entropy String",
        "filename": "monitoring/scripts/quick-setup-test.sh",
        "hashed_secret": "eeafffa672e9d88dcd7ee51a629c32df1c7fc70c",
        "is_verified": false,
        "line_number": 46
      }
    ],
    "monitoring/setup.sh": [
      {
        "type": "Secret Keyword",
        "filename": "monitoring/setup.sh",
        "hashed_secret": "bb560b63d0f09dcaaf372bbb0fa31527002637ed",
        "is_verified": false,
        "line_number": 36
      }
    ],
    "src/python/api_wrappers/test_external_apis.py": [
      {
        "type": "Secret Keyword",
        "filename": "src/python/api_wrappers/test_external_apis.py",
        "hashed_secret": "14879f0ee37d8524e4fe8bd546293ed0e87ebb4a",
        "is_verified": false,
        "line_number": 10
      },
      {
        "type": "Secret Keyword",
        "filename": "src/python/api_wrappers/test_external_apis.py",
        "hashed_secret": "2ac9dcf72d352f6e7b5726160095b568feed0189",
        "is_verified": false,
        "line_number": 40
      }
    ],
    "src/python/config_manager/README.md": [
      {
        "type": "Secret Keyword",
        "filename": "src/python/config_manager/README.md",
        "hashed_secret": "4ffa559bdb656e626bfb893a31c80c2192b77cef",
        "is_verified": false,
        "line_number": 45
      }
    ],
    "src/python/document_parsing/test_cv_parser.py": [
      {
        "type": "Secret Keyword",
        "filename": "src/python/document_parsing/test_cv_parser.py",
        "hashed_secret": "4662dccba3c690da7c6818b8061d05c03bdb0285",
        "is_verified": false,
        "line_number": 13
      }
    ],
    "src/python/proxy_manager.py": [
      {
        "type": "Basic Auth Credentials",
        "filename": "src/python/proxy_manager.py",
        "hashed_secret": "9d4e1e23bd5b727046a9e3b4b7db57bd8d6ee684",
        "is_verified": false,
        "line_number": 12
      },
      {
        "type": "Basic Auth Credentials",
        "filename": "src/python/proxy_manager.py",
        "hashed_secret": "e727d1464ae12436e899a726da5b2f11d8381b26",
        "is_verified": false,
        "line_number": 47
      },
      {
        "type": "Basic Auth Credentials",
        "filename": "src/python/proxy_manager.py",
        "hashed_secret": "fca268ae2442d5cabc3e12d87b349adf8bf7d76c",
        "is_verified": false,
        "line_number": 67
      }
    ],
    "src/python/web_scraper.py": [
      {
        "type": "Basic Auth Credentials",
        "filename": "src/python/web_scraper.py",
        "hashed_secret": "5baa61e4c9b93f3f0682250b6cf8331b7ee68fd8",
        "is_verified": false,
        "line_number": 126
      }
    ]
  },
  "generated_at": "2025-09-01T07:18:58Z"
}
